// Jest Snapshot v1, https://goo.gl/fbAQLP

exports[`First React component test with Enzyme Matches the snapshot and return null since App doesn't take in props 1`] = `null`;
