// Jest Snapshot v1, https://goo.gl/fbAQLP

exports[`Button component Matches the snapshot 1`] = `
<button
  className="sc-bdVaJa gwQknd"
>
  Show all photos
</button>
`;
